
> e-assistant@1.0.0 test
> jest --forceExit

cmd : FAIL ./server.test.js
At line:1 char:1
+ cmd /c npm run test 2>&1 > test_output.txt
+ ~~~~~~~~~~~~~~~~~~~~~~~~~~~~~~~~~~~~~~~~~~
    + CategoryInfo          : NotSpecified: (FAIL ./server.test.js:String) [], RemoteException
    + FullyQualifiedErrorId : NativeCommandError
 
  ΓùÅ Test suite failed to run

    Jest encountered an unexpected token

    Jest failed to parse a file. This happens e.g. when your code or its dependencies use non-standard JavaScript 
syntax, or when Jest is not configured to support such syntax.

    Out of the box Jest supports Babel, which will be used to transform your files into valid JS based on your Babel 
configuration.

    By default "node_modules" folder is ignored by transformers.

    Here's what you can do:
     ΓÇó If you are trying to use ECMAScript Modules, see https://jestjs.io/docs/ecmascript-modules for how to enable 
it.
     ΓÇó If you are trying to use TypeScript, see https://jestjs.io/docs/getting-started#using-typescript
     ΓÇó To have some of your "node_modules" files transformed, you can specify a custom "transformIgnorePatterns" in 
your config.
     ΓÇó If you need a custom transformation, specify a "transform" option in your config.
     ΓÇó If you simply want to mock your non-JS modules (e.g. binary assets) you can stub them out with the 
"moduleNameMapper" config option.

    You'll find more details and examples of these config options in the docs:
    https://jestjs.io/docs/configuration
    For information about custom transformations, see:
    https://jestjs.io/docs/code-transformation

    Details:

    SyntaxError: C:\Users\Sr863\OneDrive\Documents\E-Assistant\server.js: Identifier 'rateLimit' has already been 
declared. (40:9)

    [0m [90m 38 |[39m [90m */[39m
     [90m 39 |[39m [36mconst[39m rateLimitMap [33m=[39m [36mnew[39m [33mMap[39m()[33m;[39m
    [31m[1m>[22m[39m[90m 40 |[39m [36mfunction[39m rateLimit(windowMs[33m,[39m maxRequests) {
     [90m    |[39m          [31m[1m^[22m[39m
     [90m 41 |[39m   [36mreturn[39m (req[33m,[39m res[33m,[39m next) [33m=>[39m {
     [90m 42 |[39m     [36mconst[39m ip [33m=[39m req[33m.[39mip [33m||[39m 
req[33m.[39mconnection[33m.[39mremoteAddress[33m;[39m
     [90m 43 |[39m     [36mconst[39m now [33m=[39m [33mDate[39m[33m.[39mnow()[33m;[39m[0m

    [0m [90m 1 |[39m [90m/* global global, jest */[39m
     [90m 2 |[39m [36mconst[39m request [33m=[39m require([32m'supertest'[39m)[33m;[39m
    [31m[1m>[22m[39m[90m 3 |[39m [36mconst[39m app [33m=[39m require([32m'./server'[39m)[33m;[39m
     [90m   |[39m             [31m[1m^[22m[39m
     [90m 4 |[39m
     [90m 5 |[39m global[33m.[39mfetch [33m=[39m jest[33m.[39mfn(() [33m=>[39m
     [90m 6 |[39m   [33mPromise[39m[33m.[39mresolve({[0m

      at constructor (node_modules/@babel/parser/src/parse-error.ts:95:45)
      at Parser.toParseError [as raise] (node_modules/@babel/parser/src/tokenizer/index.ts:1504:19)
      at ScopeHandler.raise [as checkRedeclarationInScope] (node_modules/@babel/parser/src/util/scope.ts:164:19)
      at ScopeHandler.checkRedeclarationInScope [as declareName] (node_modules/@babel/parser/src/util/scope.ts:118:12)
      at Parser.declareName [as registerFunctionStatementId] 
(node_modules/@babel/parser/src/parser/statement.ts:1745:16)
      at Parser.registerFunctionStatementId [as parseFunction] 
(node_modules/@babel/parser/src/parser/statement.ts:1708:12)
      at Parser.parseFunction [as parseFunctionStatement] (node_modules/@babel/parser/src/parser/statement.ts:1080:17)
      at Parser.parseFunctionStatement [as parseStatementContent] 
(node_modules/@babel/parser/src/parser/statement.ts:525:21)
      at Parser.parseStatementContent [as parseStatementLike] 
(node_modules/@babel/parser/src/parser/statement.ts:482:17)
      at Parser.parseStatementLike [as parseModuleItem] (node_modules/@babel/parser/src/parser/statement.ts:419:17)
      at Parser.parseModuleItem [as parseBlockOrModuleBlockBody] 
(node_modules/@babel/parser/src/parser/statement.ts:1443:16)
      at Parser.parseBlockOrModuleBlockBody [as parseBlockBody] 
(node_modules/@babel/parser/src/parser/statement.ts:1417:10)
      at Parser.parseBlockBody [as parseProgram] (node_modules/@babel/parser/src/parser/statement.ts:229:10)
      at Parser.parseProgram [as parseTopLevel] (node_modules/@babel/parser/src/parser/statement.ts:203:25)
      at Parser.parseTopLevel [as parse] (node_modules/@babel/parser/src/parser/index.ts:83:25)
      at parse (node_modules/@babel/parser/src/index.ts:86:38)
      at parser (node_modules/@babel/core/src/parser/index.ts:29:19)
          at parser.next (<anonymous>)
      at normalizeFile (node_modules/@babel/core/src/transformation/normalize-file.ts:50:24)
          at normalizeFile.next (<anonymous>)
      at run (node_modules/@babel/core/src/transformation/index.ts:41:36)
          at run.next (<anonymous>)
      at transform (node_modules/@babel/core/src/transform.ts:29:20)
          at transform.next (<anonymous>)
      at evaluateSync (node_modules/gensync/index.js:251:28)
      at sync (node_modules/gensync/index.js:89:14)
      at fn (node_modules/@babel/core/src/errors/rewrite-stack-trace.ts:99:14)
      at transformSync (node_modules/@babel/core/src/transform.ts:66:52)
      at ScriptTransformer.transformSource (node_modules/@jest/transform/build/index.js:415:31)
      at ScriptTransformer._transformAndBuildScript (node_modules/@jest/transform/build/index.js:512:40)
      at ScriptTransformer.transform (node_modules/@jest/transform/build/index.js:551:19)
      at Object.require (server.test.js:3:13)

FAIL ./db.error.test.js
  ΓùÅ Test suite failed to run

    Jest encountered an unexpected token

    Jest failed to parse a file. This happens e.g. when your code or its dependencies use non-standard JavaScript 
syntax, or when Jest is not configured to support such syntax.

    Out of the box Jest supports Babel, which will be used to transform your files into valid JS based on your Babel 
configuration.

    By default "node_modules" folder is ignored by transformers.

    Here's what you can do:
     ΓÇó If you are trying to use ECMAScript Modules, see https://jestjs.io/docs/ecmascript-modules for how to enable 
it.
     ΓÇó If you are trying to use TypeScript, see https://jestjs.io/docs/getting-started#using-typescript
     ΓÇó To have some of your "node_modules" files transformed, you can specify a custom "transformIgnorePatterns" in 
your config.
     ΓÇó If you need a custom transformation, specify a "transform" option in your config.
     ΓÇó If you simply want to mock your non-JS modules (e.g. binary assets) you can stub them out with the 
"moduleNameMapper" config option.

    You'll find more details and examples of these config options in the docs:
    https://jestjs.io/docs/configuration
    For information about custom transformations, see:
    https://jestjs.io/docs/code-transformation

    Details:

    SyntaxError: C:\Users\Sr863\OneDrive\Documents\E-Assistant\server.js: Identifier 'rateLimit' has already been 
declared. (40:9)

    [0m [90m 38 |[39m [90m */[39m
     [90m 39 |[39m [36mconst[39m rateLimitMap [33m=[39m [36mnew[39m [33mMap[39m()[33m;[39m
    [31m[1m>[22m[39m[90m 40 |[39m [36mfunction[39m rateLimit(windowMs[33m,[39m maxRequests) {
     [90m    |[39m          [31m[1m^[22m[39m
     [90m 41 |[39m   [36mreturn[39m (req[33m,[39m res[33m,[39m next) [33m=>[39m {
     [90m 42 |[39m     [36mconst[39m ip [33m=[39m req[33m.[39mip [33m||[39m 
req[33m.[39mconnection[33m.[39mremoteAddress[33m;[39m
     [90m 43 |[39m     [36mconst[39m now [33m=[39m [33mDate[39m[33m.[39mnow()[33m;[39m[0m

    [0m [90m 41 |[39m
     [90m 42 |[39m [90m// Require app after mocking sqlite3[39m
    [31m[1m>[22m[39m[90m 43 |[39m [36mconst[39m app [33m=[39m require([32m'./server'[39m)[33m;[39m
     [90m    |[39m             [31m[1m^[22m[39m
     [90m 44 |[39m
     [90m 45 |[39m describe([32m'Database Error Handling'[39m[33m,[39m () [33m=>[39m {
     [90m 46 |[39m   test([32m'GET /api/election-data should handle DB errors and return 500'[39m[33m,[39m 
[36masync[39m () [33m=>[39m {[0m

      at constructor (node_modules/@babel/parser/src/parse-error.ts:95:45)
      at Parser.toParseError [as raise] (node_modules/@babel/parser/src/tokenizer/index.ts:1504:19)
      at ScopeHandler.raise [as checkRedeclarationInScope] (node_modules/@babel/parser/src/util/scope.ts:164:19)
      at ScopeHandler.checkRedeclarationInScope [as declareName] (node_modules/@babel/parser/src/util/scope.ts:118:12)
      at Parser.declareName [as registerFunctionStatementId] 
(node_modules/@babel/parser/src/parser/statement.ts:1745:16)
      at Parser.registerFunctionStatementId [as parseFunction] 
(node_modules/@babel/parser/src/parser/statement.ts:1708:12)
      at Parser.parseFunction [as parseFunctionStatement] (node_modules/@babel/parser/src/parser/statement.ts:1080:17)
      at Parser.parseFunctionStatement [as parseStatementContent] 
(node_modules/@babel/parser/src/parser/statement.ts:525:21)
      at Parser.parseStatementContent [as parseStatementLike] 
(node_modules/@babel/parser/src/parser/statement.ts:482:17)
      at Parser.parseStatementLike [as parseModuleItem] (node_modules/@babel/parser/src/parser/statement.ts:419:17)
      at Parser.parseModuleItem [as parseBlockOrModuleBlockBody] 
(node_modules/@babel/parser/src/parser/statement.ts:1443:16)
      at Parser.parseBlockOrModuleBlockBody [as parseBlockBody] 
(node_modules/@babel/parser/src/parser/statement.ts:1417:10)
      at Parser.parseBlockBody [as parseProgram] (node_modules/@babel/parser/src/parser/statement.ts:229:10)
      at Parser.parseProgram [as parseTopLevel] (node_modules/@babel/parser/src/parser/statement.ts:203:25)
      at Parser.parseTopLevel [as parse] (node_modules/@babel/parser/src/parser/index.ts:83:25)
      at parse (node_modules/@babel/parser/src/index.ts:86:38)
      at parser (node_modules/@babel/core/src/parser/index.ts:29:19)
          at parser.next (<anonymous>)
      at normalizeFile (node_modules/@babel/core/src/transformation/normalize-file.ts:50:24)
          at normalizeFile.next (<anonymous>)
      at run (node_modules/@babel/core/src/transformation/index.ts:41:36)
          at run.next (<anonymous>)
      at transform (node_modules/@babel/core/src/transform.ts:29:20)
          at transform.next (<anonymous>)
      at evaluateSync (node_modules/gensync/index.js:251:28)
      at sync (node_modules/gensync/index.js:89:14)
      at fn (node_modules/@babel/core/src/errors/rewrite-stack-trace.ts:99:14)
      at transformSync (node_modules/@babel/core/src/transform.ts:66:52)
      at ScriptTransformer.transformSource (node_modules/@jest/transform/build/index.js:415:31)
      at ScriptTransformer._transformAndBuildScript (node_modules/@jest/transform/build/index.js:512:40)
      at ScriptTransformer.transform (node_modules/@jest/transform/build/index.js:551:19)
      at Object.require (db.error.test.js:43:13)

PASS ./frontend.test.js

Test Suites: 2 failed, 1 passed, 3 total
Tests:       5 passed, 5 total
Snapshots:   0 total
Time:        3.004 s
Ran all test suites.
Force exiting Jest: Have you considered using `--detectOpenHandles` to detect async operations that kept running after 
all tests finished?
